2025-11-02 21:46:36 INFO     [manage:root] Logger initialized for process 'manage' (PID: 47329)
2025-11-02 21:46:36 INFO     [manage:root] Logger initialized for process 'manage' (PID: 47329)
2025-11-02 21:46:38 WARNING  [manage:django.request] Not Found: /
2025-11-02 21:46:38 WARNING  [manage:django.request] Not Found: /favicon.ico
2025-11-02 21:46:43 WARNING  [manage:django.request] Not Found: /api/
2025-11-02 21:46:47 WARNING  [manage:django.request] Not Found: /api/owner
2025-11-02 21:46:52 WARNING  [manage:django.request] Method Not Allowed: /api/owner_register/
2025-11-16 14:16:01 INFO     [manage:root] Logger initialized for process 'manage' (PID: 284263)
2025-11-16 14:16:01 INFO     [manage:root] Logger initialized for process 'manage' (PID: 284263)
2025-11-16 14:16:16 WARNING  [manage:django.request] Not Found: /swagger/
2025-11-16 14:16:16 WARNING  [manage:django.request] Not Found: /favicon.ico
2025-11-16 14:17:43 WARNING  [manage:django.request] Not Found: /api/
2025-11-16 14:17:43 WARNING  [manage:django.request] Not Found: /favicon.ico
2025-11-16 14:17:56 WARNING  [manage:django.request] Not Found: /swagger/
2025-11-16 14:17:56 WARNING  [manage:django.request] Not Found: /favicon.ico
2025-11-16 14:19:13 INFO     [manage:root] Logger initialized for process 'manage' (PID: 290227)
2025-11-16 14:19:13 INFO     [manage:root] Logger initialized for process 'manage' (PID: 290227)
2025-11-16 14:19:17 WARNING  [manage:django.request] Not Found: /swagger/
2025-11-16 14:19:17 WARNING  [manage:django.request] Not Found: /favicon.ico
2025-11-16 14:19:18 WARNING  [manage:django.request] Not Found: /swagger/
2025-11-16 14:19:18 WARNING  [manage:django.request] Not Found: /favicon.ico
2025-11-16 14:19:18 WARNING  [manage:django.request] Not Found: /swagger/
2025-11-16 14:19:18 WARNING  [manage:django.request] Not Found: /swagger/
2025-11-16 14:19:18 WARNING  [manage:django.request] Not Found: /swagger/
2025-11-16 14:19:19 WARNING  [manage:django.request] Not Found: /swagger/
2025-11-16 14:19:22 WARNING  [manage:django.request] Not Found: /swagger/
2025-11-16 14:19:23 WARNING  [manage:django.request] Not Found: /swagger/
2025-11-16 14:19:39 INFO     [manage:django.utils.autoreload] /home/solohiddin/files/arena/arena/urls.py changed, reloading.
2025-11-16 14:19:39 INFO     [manage:root] Logger initialized for process 'manage' (PID: 291051)
2025-11-16 14:19:39 INFO     [manage:root] Logger initialized for process 'manage' (PID: 291051)
2025-11-16 14:19:43 INFO     [manage:django.utils.autoreload] /home/solohiddin/files/arena/arena/urls.py changed, reloading.
2025-11-16 14:19:43 INFO     [manage:root] Logger initialized for process 'manage' (PID: 291152)
2025-11-16 14:19:43 INFO     [manage:root] Logger initialized for process 'manage' (PID: 291152)
2025-11-16 14:19:48 INFO     [manage:django.utils.autoreload] /home/solohiddin/files/arena/arena/urls.py changed, reloading.
2025-11-16 14:19:49 INFO     [manage:root] Logger initialized for process 'manage' (PID: 291348)
2025-11-16 14:19:49 INFO     [manage:root] Logger initialized for process 'manage' (PID: 291348)
2025-11-16 14:19:51 INFO     [manage:django.utils.autoreload] /home/solohiddin/files/arena/arena/urls.py changed, reloading.
2025-11-16 14:19:51 INFO     [manage:root] Logger initialized for process 'manage' (PID: 291466)
2025-11-16 14:19:51 INFO     [manage:root] Logger initialized for process 'manage' (PID: 291466)
2025-11-16 14:19:54 INFO     [manage:django.utils.autoreload] /home/solohiddin/files/arena/arena/urls.py changed, reloading.
2025-11-16 14:19:54 INFO     [manage:root] Logger initialized for process 'manage' (PID: 291527)
2025-11-16 14:19:54 INFO     [manage:root] Logger initialized for process 'manage' (PID: 291527)
2025-11-16 14:19:55 INFO     [manage:django.utils.autoreload] /home/solohiddin/files/arena/arena/urls.py changed, reloading.
2025-11-16 14:19:56 INFO     [manage:root] Logger initialized for process 'manage' (PID: 291595)
2025-11-16 14:19:56 INFO     [manage:root] Logger initialized for process 'manage' (PID: 291595)
2025-11-16 14:19:57 INFO     [manage:django.utils.autoreload] /home/solohiddin/files/arena/arena/urls.py changed, reloading.
2025-11-16 14:19:57 INFO     [manage:root] Logger initialized for process 'manage' (PID: 291615)
2025-11-16 14:19:57 INFO     [manage:root] Logger initialized for process 'manage' (PID: 291615)
2025-11-16 14:20:01 INFO     [manage:django.utils.autoreload] /home/solohiddin/files/arena/arena/urls.py changed, reloading.
2025-11-16 14:20:02 INFO     [manage:root] Logger initialized for process 'manage' (PID: 291801)
2025-11-16 14:20:02 INFO     [manage:root] Logger initialized for process 'manage' (PID: 291801)
2025-11-16 14:20:04 INFO     [manage:django.utils.autoreload] /home/solohiddin/files/arena/arena/urls.py changed, reloading.
2025-11-16 14:20:04 INFO     [manage:root] Logger initialized for process 'manage' (PID: 291860)
2025-11-16 14:20:04 INFO     [manage:root] Logger initialized for process 'manage' (PID: 291860)
2025-11-16 14:20:05 INFO     [manage:django.utils.autoreload] /home/solohiddin/files/arena/arena/urls.py changed, reloading.
2025-11-16 14:20:06 INFO     [manage:root] Logger initialized for process 'manage' (PID: 291927)
2025-11-16 14:20:06 INFO     [manage:root] Logger initialized for process 'manage' (PID: 291927)
2025-11-16 14:20:07 INFO     [manage:django.utils.autoreload] /home/solohiddin/files/arena/arena/urls.py changed, reloading.
2025-11-16 14:20:07 INFO     [manage:root] Logger initialized for process 'manage' (PID: 291955)
2025-11-16 14:20:07 INFO     [manage:root] Logger initialized for process 'manage' (PID: 291955)
2025-11-16 14:22:01 INFO     [manage:django.utils.autoreload] /home/solohiddin/files/arena/app/views/auth.py changed, reloading.
2025-11-16 14:24:17 INFO     [manage:root] Logger initialized for process 'manage' (PID: 299546)
2025-11-16 14:24:17 INFO     [manage:root] Logger initialized for process 'manage' (PID: 299546)
2025-11-16 14:25:04 INFO     [manage:django.utils.autoreload] /home/solohiddin/files/arena/app/views/auth.py changed, reloading.
2025-11-16 14:25:04 INFO     [manage:root] Logger initialized for process 'manage' (PID: 301022)
2025-11-16 14:25:04 INFO     [manage:root] Logger initialized for process 'manage' (PID: 301022)
2025-11-16 14:25:32 INFO     [manage:django.utils.autoreload] /home/solohiddin/files/arena/app/views/auth.py changed, reloading.
2025-11-16 14:26:46 INFO     [manage:root] Logger initialized for process 'manage' (PID: 304320)
2025-11-16 14:26:46 INFO     [manage:root] Logger initialized for process 'manage' (PID: 304320)
2025-11-16 14:26:53 INFO     [manage:django.utils.autoreload] /home/solohiddin/files/arena/app/urls.py changed, reloading.
2025-11-16 14:26:53 INFO     [manage:root] Logger initialized for process 'manage' (PID: 304534)
2025-11-16 14:26:53 INFO     [manage:root] Logger initialized for process 'manage' (PID: 304534)
2025-11-16 14:27:08 INFO     [manage:django.utils.autoreload] /home/solohiddin/files/arena/app/views/auth.py changed, reloading.
2025-11-16 14:27:09 INFO     [manage:root] Logger initialized for process 'manage' (PID: 305048)
2025-11-16 14:27:09 INFO     [manage:root] Logger initialized for process 'manage' (PID: 305048)
2025-11-16 14:28:24 ERROR    [manage:django.request] Internal Server Error: /api/userlogin/
Traceback (most recent call last):
  File "/home/solohiddin/files/arena/venv/lib/python3.11/site-packages/django/core/handlers/exception.py", line 55, in inner
    response = get_response(request)
               ^^^^^^^^^^^^^^^^^^^^^
  File "/home/solohiddin/files/arena/venv/lib/python3.11/site-packages/django/core/handlers/base.py", line 197, in _get_response
    response = wrapped_callback(request, *callback_args, **callback_kwargs)
               ^^^^^^^^^^^^^^^^^^^^^^^^^^^^^^^^^^^^^^^^^^^^^^^^^^^^^^^^^^^^
  File "/home/solohiddin/files/arena/venv/lib/python3.11/site-packages/django/views/decorators/csrf.py", line 65, in _view_wrapper
    return view_func(request, *args, **kwargs)
           ^^^^^^^^^^^^^^^^^^^^^^^^^^^^^^^^^^^
  File "/home/solohiddin/files/arena/venv/lib/python3.11/site-packages/django/views/generic/base.py", line 105, in view
    return self.dispatch(request, *args, **kwargs)
           ^^^^^^^^^^^^^^^^^^^^^^^^^^^^^^^^^^^^^^^
  File "/home/solohiddin/files/arena/venv/lib/python3.11/site-packages/rest_framework/views.py", line 515, in dispatch
    response = self.handle_exception(exc)
               ^^^^^^^^^^^^^^^^^^^^^^^^^^
  File "/home/solohiddin/files/arena/venv/lib/python3.11/site-packages/rest_framework/views.py", line 475, in handle_exception
    self.raise_uncaught_exception(exc)
  File "/home/solohiddin/files/arena/venv/lib/python3.11/site-packages/rest_framework/views.py", line 486, in raise_uncaught_exception
    raise exc
  File "/home/solohiddin/files/arena/venv/lib/python3.11/site-packages/rest_framework/views.py", line 512, in dispatch
    response = handler(request, *args, **kwargs)
               ^^^^^^^^^^^^^^^^^^^^^^^^^^^^^^^^^
  File "/home/solohiddin/files/arena/venv/lib/python3.11/site-packages/rest_framework/generics.py", line 194, in post
    return self.create(request, *args, **kwargs)
           ^^^^^^^^^^^^^^^^^^^^^^^^^^^^^^^^^^^^^
  File "/home/solohiddin/files/arena/venv/lib/python3.11/site-packages/rest_framework/mixins.py", line 19, in create
    self.perform_create(serializer)
  File "/home/solohiddin/files/arena/venv/lib/python3.11/site-packages/rest_framework/mixins.py", line 24, in perform_create
    serializer.save()
  File "/home/solohiddin/files/arena/venv/lib/python3.11/site-packages/rest_framework/serializers.py", line 210, in save
    self.instance = self.create(validated_data)
                    ^^^^^^^^^^^^^^^^^^^^^^^^^^^
  File "/home/solohiddin/files/arena/venv/lib/python3.11/site-packages/rest_framework/serializers.py", line 175, in create
    raise NotImplementedError('`create()` must be implemented.')
NotImplementedError: `create()` must be implemented.
2025-11-16 14:47:45 INFO     [manage:django.utils.autoreload] /home/solohiddin/files/arena/app/views/auth.py changed, reloading.
2025-11-16 14:47:48 INFO     [manage:root] Logger initialized for process 'manage' (PID: 339205)
2025-11-16 14:47:48 INFO     [manage:root] Logger initialized for process 'manage' (PID: 339205)
2025-11-16 14:47:51 WARNING  [manage:django.request] Method Not Allowed: /api/userlogin/
2025-11-16 14:48:01 INFO     [manage:django.utils.autoreload] /home/solohiddin/files/arena/app/views/auth.py changed, reloading.
2025-11-16 14:48:01 INFO     [manage:root] Logger initialized for process 'manage' (PID: 339461)
2025-11-16 14:48:01 INFO     [manage:root] Logger initialized for process 'manage' (PID: 339461)
2025-11-16 14:49:03 INFO     [manage:django.utils.autoreload] /home/solohiddin/files/arena/app/views/auth.py changed, reloading.
2025-11-16 14:49:07 INFO     [manage:root] Logger initialized for process 'manage' (PID: 340663)
2025-11-16 14:49:07 INFO     [manage:root] Logger initialized for process 'manage' (PID: 340663)
2025-11-16 14:49:13 WARNING  [manage:drf_yasg.inspectors.base] view's VerifyOtpView.get_serializer raised exception during schema generation; use `getattr(self, 'swagger_fake_view', False)` to detect and short-circuit this
Traceback (most recent call last):
  File "/home/solohiddin/files/arena/venv/lib/python3.11/site-packages/drf_yasg/inspectors/base.py", line 48, in call_view_method
    return view_method()
           ^^^^^^^^^^^^^
  File "/home/solohiddin/files/arena/venv/lib/python3.11/site-packages/rest_framework/generics.py", line 112, in get_serializer
    serializer_class = self.get_serializer_class()
                       ^^^^^^^^^^^^^^^^^^^^^^^^^^^
  File "/home/solohiddin/files/arena/venv/lib/python3.11/site-packages/rest_framework/generics.py", line 126, in get_serializer_class
    assert self.serializer_class is not None, (
           ^^^^^^^^^^^^^^^^^^^^^^^^^^^^^^^^^
AssertionError: 'VerifyOtpView' should either include a `serializer_class` attribute, or override the `get_serializer_class()` method.
2025-11-16 14:49:13 WARNING  [manage:drf_yasg.inspectors.base] view's VerifyOtpView.get_serializer raised exception during schema generation; use `getattr(self, 'swagger_fake_view', False)` to detect and short-circuit this
Traceback (most recent call last):
  File "/home/solohiddin/files/arena/venv/lib/python3.11/site-packages/drf_yasg/inspectors/base.py", line 48, in call_view_method
    return view_method()
           ^^^^^^^^^^^^^
  File "/home/solohiddin/files/arena/venv/lib/python3.11/site-packages/rest_framework/generics.py", line 112, in get_serializer
    serializer_class = self.get_serializer_class()
                       ^^^^^^^^^^^^^^^^^^^^^^^^^^^
  File "/home/solohiddin/files/arena/venv/lib/python3.11/site-packages/rest_framework/generics.py", line 126, in get_serializer_class
    assert self.serializer_class is not None, (
           ^^^^^^^^^^^^^^^^^^^^^^^^^^^^^^^^^
AssertionError: 'VerifyOtpView' should either include a `serializer_class` attribute, or override the `get_serializer_class()` method.
2025-11-16 14:49:13 WARNING  [manage:drf_yasg.inspectors.base] view's VerifyOtpView.get_serializer raised exception during schema generation; use `getattr(self, 'swagger_fake_view', False)` to detect and short-circuit this
Traceback (most recent call last):
  File "/home/solohiddin/files/arena/venv/lib/python3.11/site-packages/drf_yasg/inspectors/base.py", line 48, in call_view_method
    return view_method()
           ^^^^^^^^^^^^^
  File "/home/solohiddin/files/arena/venv/lib/python3.11/site-packages/rest_framework/generics.py", line 112, in get_serializer
    serializer_class = self.get_serializer_class()
                       ^^^^^^^^^^^^^^^^^^^^^^^^^^^
  File "/home/solohiddin/files/arena/venv/lib/python3.11/site-packages/rest_framework/generics.py", line 126, in get_serializer_class
    assert self.serializer_class is not None, (
           ^^^^^^^^^^^^^^^^^^^^^^^^^^^^^^^^^
AssertionError: 'VerifyOtpView' should either include a `serializer_class` attribute, or override the `get_serializer_class()` method.
2025-11-16 14:49:26 INFO     [manage:django.utils.autoreload] /home/solohiddin/files/arena/app/views/auth.py changed, reloading.
2025-11-16 14:49:28 INFO     [manage:root] Logger initialized for process 'manage' (PID: 341082)
2025-11-16 14:49:28 INFO     [manage:root] Logger initialized for process 'manage' (PID: 341082)
2025-11-16 14:49:29 INFO     [manage:django.utils.autoreload] /home/solohiddin/files/arena/app/views/auth.py changed, reloading.
2025-11-16 14:49:30 INFO     [manage:root] Logger initialized for process 'manage' (PID: 341117)
2025-11-16 14:49:30 INFO     [manage:root] Logger initialized for process 'manage' (PID: 341117)
2025-11-16 14:49:58 WARNING  [manage:django.request] Bad Request: /api/verify_otp/
2025-11-16 14:51:29 INFO     [manage:django.utils.autoreload] /home/solohiddin/files/arena/app/models/user.py changed, reloading.
2025-11-16 14:57:23 INFO     [manage:root] Logger initialized for process 'manage' (PID: 349567)
2025-11-16 14:57:23 INFO     [manage:root] Logger initialized for process 'manage' (PID: 349567)
2025-11-16 14:57:26 INFO     [manage:django.utils.autoreload] /home/solohiddin/files/arena/app/models/user.py changed, reloading.
2025-11-16 14:57:28 INFO     [manage:root] Logger initialized for process 'manage' (PID: 349674)
2025-11-16 14:57:28 INFO     [manage:root] Logger initialized for process 'manage' (PID: 349674)
2025-11-16 14:57:34 INFO     [manage:django.utils.autoreload] /home/solohiddin/files/arena/app/models/user.py changed, reloading.
2025-11-16 14:57:34 INFO     [manage:root] Logger initialized for process 'manage' (PID: 349817)
2025-11-16 14:57:34 INFO     [manage:root] Logger initialized for process 'manage' (PID: 349817)
2025-11-16 14:57:39 INFO     [manage:django.utils.autoreload] /home/solohiddin/files/arena/app/models/user.py changed, reloading.
2025-11-16 14:57:47 INFO     [manage:root] Logger initialized for process 'manage' (PID: 350126)
2025-11-16 14:57:47 INFO     [manage:root] Logger initialized for process 'manage' (PID: 350126)
2025-11-16 14:57:52 INFO     [manage:django.utils.autoreload] /home/solohiddin/files/arena/app/models/user.py changed, reloading.
2025-11-16 14:57:53 INFO     [manage:root] Logger initialized for process 'manage' (PID: 350254)
2025-11-16 14:57:53 INFO     [manage:root] Logger initialized for process 'manage' (PID: 350254)
2025-11-16 14:57:59 INFO     [manage:django.utils.autoreload] /home/solohiddin/files/arena/app/models/user.py changed, reloading.
2025-11-16 14:57:59 INFO     [manage:root] Logger initialized for process 'manage' (PID: 350372)
2025-11-16 14:57:59 INFO     [manage:root] Logger initialized for process 'manage' (PID: 350372)
2025-11-16 14:58:04 INFO     [manage:django.utils.autoreload] /home/solohiddin/files/arena/app/models/user.py changed, reloading.
2025-11-16 14:58:16 INFO     [manage:root] Logger initialized for process 'manage' (PID: 350724)
2025-11-16 14:58:16 INFO     [manage:root] Logger initialized for process 'manage' (PID: 350724)
2025-11-16 14:58:19 INFO     [manage:django.utils.autoreload] /home/solohiddin/files/arena/app/models/user.py changed, reloading.
2025-11-16 14:58:19 INFO     [manage:root] Logger initialized for process 'manage' (PID: 350805)
2025-11-16 14:58:19 INFO     [manage:root] Logger initialized for process 'manage' (PID: 350805)
2025-11-16 14:58:25 INFO     [manage:django.utils.autoreload] /home/solohiddin/files/arena/app/models/user.py changed, reloading.
2025-11-16 14:58:25 INFO     [manage:root] Logger initialized for process 'manage' (PID: 350931)
2025-11-16 14:58:25 INFO     [manage:root] Logger initialized for process 'manage' (PID: 350931)
2025-11-16 14:58:31 INFO     [manage:django.utils.autoreload] /home/solohiddin/files/arena/app/models/user.py changed, reloading.
2025-11-16 15:00:43 INFO     [manage:root] Logger initialized for process 'manage' (PID: 353850)
2025-11-16 15:00:43 INFO     [manage:root] Logger initialized for process 'manage' (PID: 353850)
2025-11-16 15:00:44 INFO     [manage:django.utils.autoreload] /home/solohiddin/files/arena/app/models/user.py changed, reloading.
2025-11-16 15:00:45 INFO     [manage:root] Logger initialized for process 'manage' (PID: 353879)
2025-11-16 15:00:45 INFO     [manage:root] Logger initialized for process 'manage' (PID: 353879)
2025-11-16 15:00:49 INFO     [manage:django.utils.autoreload] /home/solohiddin/files/arena/app/models/user.py changed, reloading.
2025-11-16 15:00:49 INFO     [manage:root] Logger initialized for process 'manage' (PID: 353975)
2025-11-16 15:00:49 INFO     [manage:root] Logger initialized for process 'manage' (PID: 353975)
2025-11-16 15:00:52 INFO     [manage:django.utils.autoreload] /home/solohiddin/files/arena/app/models/user.py changed, reloading.
2025-11-16 15:00:57 INFO     [manage:root] Logger initialized for process 'manage' (PID: 354212)
2025-11-16 15:00:57 INFO     [manage:root] Logger initialized for process 'manage' (PID: 354212)
2025-11-16 15:00:59 INFO     [manage:django.utils.autoreload] /home/solohiddin/files/arena/app/models/user.py changed, reloading.
2025-11-16 15:00:59 INFO     [manage:root] Logger initialized for process 'manage' (PID: 354266)
2025-11-16 15:00:59 INFO     [manage:root] Logger initialized for process 'manage' (PID: 354266)
2025-11-16 15:01:02 INFO     [manage:django.utils.autoreload] /home/solohiddin/files/arena/app/models/user.py changed, reloading.
2025-11-16 15:01:02 INFO     [manage:root] Logger initialized for process 'manage' (PID: 354323)
2025-11-16 15:01:02 INFO     [manage:root] Logger initialized for process 'manage' (PID: 354323)
2025-11-16 15:01:04 INFO     [manage:django.utils.autoreload] /home/solohiddin/files/arena/app/models/user.py changed, reloading.
2025-11-16 15:01:04 INFO     [manage:root] Logger initialized for process 'manage' (PID: 354370)
2025-11-16 15:01:04 INFO     [manage:root] Logger initialized for process 'manage' (PID: 354370)
2025-11-16 15:01:07 INFO     [manage:django.utils.autoreload] /home/solohiddin/files/arena/app/models/user.py changed, reloading.
2025-11-16 15:01:07 INFO     [manage:root] Logger initialized for process 'manage' (PID: 354430)
2025-11-16 15:01:07 INFO     [manage:root] Logger initialized for process 'manage' (PID: 354430)
2025-11-16 15:01:09 INFO     [manage:django.utils.autoreload] /home/solohiddin/files/arena/app/models/user.py changed, reloading.
2025-11-16 15:01:10 INFO     [manage:root] Logger initialized for process 'manage' (PID: 354510)
2025-11-16 15:01:10 INFO     [manage:root] Logger initialized for process 'manage' (PID: 354510)
2025-11-16 15:01:14 INFO     [manage:django.utils.autoreload] /home/solohiddin/files/arena/app/models/user.py changed, reloading.
2025-11-16 15:01:14 INFO     [manage:root] Logger initialized for process 'manage' (PID: 354604)
2025-11-16 15:01:14 INFO     [manage:root] Logger initialized for process 'manage' (PID: 354604)
2025-11-16 15:01:19 INFO     [manage:django.utils.autoreload] /home/solohiddin/files/arena/app/models/user.py changed, reloading.
2025-11-16 15:01:22 INFO     [manage:root] Logger initialized for process 'manage' (PID: 354787)
2025-11-16 15:01:22 INFO     [manage:root] Logger initialized for process 'manage' (PID: 354787)
2025-11-16 15:02:07 INFO     [manage:django.utils.autoreload] /home/solohiddin/files/arena/app/models/user.py changed, reloading.
2025-11-16 15:25:20 INFO     [manage:root] Logger initialized for process 'manage' (PID: 381037)
2025-11-16 15:25:20 INFO     [manage:root] Logger initialized for process 'manage' (PID: 381037)
2025-11-16 15:25:40 INFO     [manage:django.utils.autoreload] /home/solohiddin/files/arena/app/models/user.py changed, reloading.
2025-11-16 15:25:40 INFO     [manage:root] Logger initialized for process 'manage' (PID: 381388)
2025-11-16 15:25:40 INFO     [manage:root] Logger initialized for process 'manage' (PID: 381388)
2025-11-16 15:25:41 INFO     [manage:django.utils.autoreload] /home/solohiddin/files/arena/app/models/user.py changed, reloading.
2025-11-16 15:25:42 INFO     [manage:root] Logger initialized for process 'manage' (PID: 381429)
2025-11-16 15:25:42 INFO     [manage:root] Logger initialized for process 'manage' (PID: 381429)
2025-11-16 15:25:45 INFO     [manage:django.utils.autoreload] /home/solohiddin/files/arena/app/models/user.py changed, reloading.
2025-11-16 15:25:45 INFO     [manage:root] Logger initialized for process 'manage' (PID: 381498)
2025-11-16 15:25:45 INFO     [manage:root] Logger initialized for process 'manage' (PID: 381498)
2025-11-16 15:25:48 INFO     [manage:django.utils.autoreload] /home/solohiddin/files/arena/app/models/user.py changed, reloading.
2025-11-16 15:25:49 INFO     [manage:root] Logger initialized for process 'manage' (PID: 381578)
2025-11-16 15:25:49 INFO     [manage:root] Logger initialized for process 'manage' (PID: 381578)
2025-11-16 15:25:51 INFO     [manage:django.utils.autoreload] /home/solohiddin/files/arena/app/models/user.py changed, reloading.
2025-11-16 15:25:51 INFO     [manage:root] Logger initialized for process 'manage' (PID: 381633)
2025-11-16 15:25:51 INFO     [manage:root] Logger initialized for process 'manage' (PID: 381633)
2025-11-16 15:25:52 INFO     [manage:django.utils.autoreload] /home/solohiddin/files/arena/app/models/user.py changed, reloading.
2025-11-16 15:25:53 INFO     [manage:root] Logger initialized for process 'manage' (PID: 381667)
2025-11-16 15:25:53 INFO     [manage:root] Logger initialized for process 'manage' (PID: 381667)
2025-11-16 15:25:58 INFO     [manage:django.utils.autoreload] /home/solohiddin/files/arena/app/models/user.py changed, reloading.
2025-11-16 15:25:58 INFO     [manage:root] Logger initialized for process 'manage' (PID: 381777)
2025-11-16 15:25:58 INFO     [manage:root] Logger initialized for process 'manage' (PID: 381777)
2025-11-16 15:26:58 INFO     [manage:django.utils.autoreload] /home/solohiddin/files/arena/app/models/user.py changed, reloading.
2025-11-16 15:27:04 INFO     [manage:root] Logger initialized for process 'manage' (PID: 382994)
2025-11-16 15:27:04 INFO     [manage:root] Logger initialized for process 'manage' (PID: 382994)
2025-11-16 15:27:06 INFO     [manage:django.utils.autoreload] /home/solohiddin/files/arena/app/models/user.py changed, reloading.
2025-11-16 15:27:07 INFO     [manage:root] Logger initialized for process 'manage' (PID: 383078)
2025-11-16 15:27:07 INFO     [manage:root] Logger initialized for process 'manage' (PID: 383078)
2025-11-16 15:30:41 INFO     [manage:django.utils.autoreload] /home/solohiddin/files/arena/app/models/user.py changed, reloading.
2025-11-16 15:31:30 INFO     [manage:root] Logger initialized for process 'manage' (PID: 388152)
2025-11-16 15:31:30 INFO     [manage:root] Logger initialized for process 'manage' (PID: 388152)
2025-11-16 15:32:10 INFO     [manage:django.utils.autoreload] /home/solohiddin/files/arena/app/models/user.py changed, reloading.
2025-11-16 15:32:11 INFO     [manage:root] Logger initialized for process 'manage' (PID: 388902)
2025-11-16 15:32:11 INFO     [manage:root] Logger initialized for process 'manage' (PID: 388902)
2025-11-16 15:32:22 INFO     [manage:django.utils.autoreload] /home/solohiddin/files/arena/app/models/user.py changed, reloading.
2025-11-16 15:32:34 INFO     [manage:root] Logger initialized for process 'manage' (PID: 389391)
2025-11-16 15:32:34 INFO     [manage:root] Logger initialized for process 'manage' (PID: 389391)
2025-11-16 15:32:44 INFO     [manage:django.utils.autoreload] /home/solohiddin/files/arena/app/models/user.py changed, reloading.
2025-11-16 15:32:44 INFO     [manage:root] Logger initialized for process 'manage' (PID: 389599)
2025-11-16 15:32:44 INFO     [manage:root] Logger initialized for process 'manage' (PID: 389599)
2025-11-16 15:33:00 INFO     [manage:django.utils.autoreload] /home/solohiddin/files/arena/app/models/user.py changed, reloading.
2025-11-16 15:33:01 INFO     [manage:root] Logger initialized for process 'manage' (PID: 389920)
2025-11-16 15:33:01 INFO     [manage:root] Logger initialized for process 'manage' (PID: 389920)
2025-11-16 15:33:07 INFO     [manage:django.utils.autoreload] /home/solohiddin/files/arena/app/models/user.py changed, reloading.
2025-11-16 15:33:13 INFO     [manage:root] Logger initialized for process 'manage' (PID: 390199)
2025-11-16 15:33:13 INFO     [manage:root] Logger initialized for process 'manage' (PID: 390199)
2025-11-16 15:33:15 INFO     [manage:django.utils.autoreload] /home/solohiddin/files/arena/app/models/user.py changed, reloading.
2025-11-16 15:33:15 INFO     [manage:root] Logger initialized for process 'manage' (PID: 390238)
2025-11-16 15:33:15 INFO     [manage:root] Logger initialized for process 'manage' (PID: 390238)
2025-11-16 15:33:22 INFO     [manage:django.utils.autoreload] /home/solohiddin/files/arena/app/models/user.py changed, reloading.
2025-11-16 15:33:22 INFO     [manage:root] Logger initialized for process 'manage' (PID: 390386)
2025-11-16 15:33:22 INFO     [manage:root] Logger initialized for process 'manage' (PID: 390386)
2025-11-16 15:33:24 INFO     [manage:django.utils.autoreload] /home/solohiddin/files/arena/app/models/user.py changed, reloading.
2025-11-16 15:33:25 INFO     [manage:root] Logger initialized for process 'manage' (PID: 390440)
2025-11-16 15:33:25 INFO     [manage:root] Logger initialized for process 'manage' (PID: 390440)
2025-11-16 15:33:28 INFO     [manage:django.utils.autoreload] /home/solohiddin/files/arena/app/models/user.py changed, reloading.
2025-11-16 15:33:28 INFO     [manage:root] Logger initialized for process 'manage' (PID: 390518)
2025-11-16 15:33:28 INFO     [manage:root] Logger initialized for process 'manage' (PID: 390518)
2025-11-16 15:33:30 INFO     [manage:django.utils.autoreload] /home/solohiddin/files/arena/app/models/user.py changed, reloading.
2025-11-16 15:33:33 INFO     [manage:root] Logger initialized for process 'manage' (PID: 390635)
2025-11-16 15:33:33 INFO     [manage:root] Logger initialized for process 'manage' (PID: 390635)
2025-11-16 15:33:58 INFO     [manage:django.utils.autoreload] /home/solohiddin/files/arena/app/models/user.py changed, reloading.
2025-11-16 15:33:58 INFO     [manage:root] Logger initialized for process 'manage' (PID: 391082)
2025-11-16 15:33:58 INFO     [manage:root] Logger initialized for process 'manage' (PID: 391082)
2025-11-16 15:34:04 INFO     [manage:django.utils.autoreload] /home/solohiddin/files/arena/app/models/user.py changed, reloading.
2025-11-16 15:34:05 INFO     [manage:root] Logger initialized for process 'manage' (PID: 391237)
2025-11-16 15:34:05 INFO     [manage:root] Logger initialized for process 'manage' (PID: 391237)
2025-11-16 15:34:42 INFO     [manage:django.utils.autoreload] /home/solohiddin/files/arena/app/models/user.py changed, reloading.
2025-11-16 15:34:43 INFO     [manage:root] Logger initialized for process 'manage' (PID: 391932)
2025-11-16 15:34:43 INFO     [manage:root] Logger initialized for process 'manage' (PID: 391932)
2025-11-16 15:34:50 INFO     [manage:django.utils.autoreload] /home/solohiddin/files/arena/app/models/user.py changed, reloading.
2025-11-16 15:34:50 INFO     [manage:root] Logger initialized for process 'manage' (PID: 392113)
2025-11-16 15:34:50 INFO     [manage:root] Logger initialized for process 'manage' (PID: 392113)
2025-11-16 15:35:16 INFO     [manage:django.utils.autoreload] /home/solohiddin/files/arena/app/models/user.py changed, reloading.
2025-11-16 15:35:16 INFO     [manage:root] Logger initialized for process 'manage' (PID: 392585)
2025-11-16 15:35:16 INFO     [manage:root] Logger initialized for process 'manage' (PID: 392585)
2025-11-16 15:37:36 INFO     [manage:django.utils.autoreload] /home/solohiddin/files/arena/app/models/user.py changed, reloading.
2025-11-16 15:37:37 INFO     [manage:root] Logger initialized for process 'manage' (PID: 395091)
2025-11-16 15:37:37 INFO     [manage:root] Logger initialized for process 'manage' (PID: 395091)
2025-11-16 15:37:38 INFO     [manage:django.utils.autoreload] /home/solohiddin/files/arena/app/models/user.py changed, reloading.
2025-11-16 15:37:42 INFO     [manage:root] Logger initialized for process 'manage' (PID: 395182)
2025-11-16 15:37:42 INFO     [manage:root] Logger initialized for process 'manage' (PID: 395182)
2025-11-16 15:37:55 INFO     [manage:django.utils.autoreload] /home/solohiddin/files/arena/app/models/user.py changed, reloading.
2025-11-16 15:37:55 INFO     [manage:root] Logger initialized for process 'manage' (PID: 395458)
2025-11-16 15:37:55 INFO     [manage:root] Logger initialized for process 'manage' (PID: 395458)
2025-11-16 15:37:58 INFO     [manage:django.utils.autoreload] /home/solohiddin/files/arena/app/models/user.py changed, reloading.
2025-11-16 15:38:07 INFO     [manage:root] Logger initialized for process 'manage' (PID: 395710)
2025-11-16 15:38:07 INFO     [manage:root] Logger initialized for process 'manage' (PID: 395710)
2025-11-16 15:38:14 INFO     [manage:django.utils.autoreload] /home/solohiddin/files/arena/app/models/user.py changed, reloading.
2025-11-16 15:38:14 INFO     [manage:root] Logger initialized for process 'manage' (PID: 395837)
2025-11-16 15:38:14 INFO     [manage:root] Logger initialized for process 'manage' (PID: 395837)
2025-11-16 15:39:28 INFO     [manage:django.utils.autoreload] /home/solohiddin/files/arena/app/models/user.py changed, reloading.
2025-11-16 15:39:29 INFO     [manage:root] Logger initialized for process 'manage' (PID: 397223)
2025-11-16 15:39:29 INFO     [manage:root] Logger initialized for process 'manage' (PID: 397223)
2025-11-16 15:39:34 INFO     [manage:django.utils.autoreload] /home/solohiddin/files/arena/app/models/user.py changed, reloading.
2025-11-16 15:41:04 INFO     [manage:root] Logger initialized for process 'manage' (PID: 398961)
2025-11-16 15:41:04 INFO     [manage:root] Logger initialized for process 'manage' (PID: 398961)
2025-11-16 15:41:07 INFO     [manage:django.utils.autoreload] /home/solohiddin/files/arena/app/models/user.py changed, reloading.
2025-11-16 15:41:07 INFO     [manage:root] Logger initialized for process 'manage' (PID: 399018)
2025-11-16 15:41:07 INFO     [manage:root] Logger initialized for process 'manage' (PID: 399018)
2025-11-16 15:42:02 INFO     [manage:django.utils.autoreload] /home/solohiddin/files/arena/app/models/user.py changed, reloading.
2025-11-16 15:42:03 INFO     [manage:root] Logger initialized for process 'manage' (PID: 400041)
2025-11-16 15:42:03 INFO     [manage:root] Logger initialized for process 'manage' (PID: 400041)
2025-11-16 15:42:06 INFO     [manage:django.utils.autoreload] /home/solohiddin/files/arena/app/models/user.py changed, reloading.
2025-11-16 15:42:06 INFO     [manage:root] Logger initialized for process 'manage' (PID: 400126)
2025-11-16 15:42:06 INFO     [manage:root] Logger initialized for process 'manage' (PID: 400126)
2025-11-16 15:42:18 INFO     [manage:django.utils.autoreload] /home/solohiddin/files/arena/app/models/user.py changed, reloading.
2025-11-16 15:42:18 INFO     [manage:root] Logger initialized for process 'manage' (PID: 400338)
2025-11-16 15:42:18 INFO     [manage:root] Logger initialized for process 'manage' (PID: 400338)
2025-11-16 15:42:19 INFO     [manage:django.utils.autoreload] /home/solohiddin/files/arena/app/models/user.py changed, reloading.
2025-11-16 15:42:20 INFO     [manage:root] Logger initialized for process 'manage' (PID: 400387)
2025-11-16 15:42:20 INFO     [manage:root] Logger initialized for process 'manage' (PID: 400387)
2025-11-16 15:42:21 INFO     [manage:django.utils.autoreload] /home/solohiddin/files/arena/app/models/user.py changed, reloading.
2025-11-16 15:42:21 INFO     [manage:root] Logger initialized for process 'manage' (PID: 400426)
2025-11-16 15:42:21 INFO     [manage:root] Logger initialized for process 'manage' (PID: 400426)
2025-11-16 15:42:30 INFO     [manage:django.utils.autoreload] /home/solohiddin/files/arena/app/models/user.py changed, reloading.
2025-11-16 15:43:07 INFO     [manage:root] Logger initialized for process 'manage' (PID: 401292)
2025-11-16 15:43:07 INFO     [manage:root] Logger initialized for process 'manage' (PID: 401292)
2025-11-16 15:43:18 INFO     [manage:django.utils.autoreload] /home/solohiddin/files/arena/app/models/user.py changed, reloading.
2025-11-16 15:43:19 INFO     [manage:root] Logger initialized for process 'manage' (PID: 401520)
2025-11-16 15:43:19 INFO     [manage:root] Logger initialized for process 'manage' (PID: 401520)
2025-11-16 15:43:35 INFO     [manage:django.utils.autoreload] /home/solohiddin/files/arena/app/models/user.py changed, reloading.
2025-11-16 15:43:35 INFO     [manage:root] Logger initialized for process 'manage' (PID: 401836)
2025-11-16 15:43:35 INFO     [manage:root] Logger initialized for process 'manage' (PID: 401836)
2025-11-16 15:43:52 INFO     [manage:django.utils.autoreload] /home/solohiddin/files/arena/app/models/user.py changed, reloading.
2025-11-16 15:43:52 INFO     [manage:root] Logger initialized for process 'manage' (PID: 402178)
2025-11-16 15:43:52 INFO     [manage:root] Logger initialized for process 'manage' (PID: 402178)
2025-11-16 15:45:12 INFO     [manage:root] Logger initialized for process 'manage' (PID: 403934)
2025-11-16 15:45:12 INFO     [manage:root] Logger initialized for process 'manage' (PID: 403934)
2025-11-16 15:45:27 INFO     [manage:root] Logger initialized for process 'manage' (PID: 404309)
2025-11-16 15:45:27 INFO     [manage:root] Logger initialized for process 'manage' (PID: 404309)
2025-11-16 15:48:42 INFO     [manage:root] Logger initialized for process 'manage' (PID: 407689)
2025-11-16 15:48:42 INFO     [manage:root] Logger initialized for process 'manage' (PID: 407689)
2025-11-16 15:50:23 INFO     [manage:root] Logger initialized for process 'manage' (PID: 409520)
2025-11-16 15:50:23 INFO     [manage:root] Logger initialized for process 'manage' (PID: 409520)
2025-11-16 15:54:32 INFO     [manage:root] Logger initialized for process 'manage' (PID: 413959)
2025-11-16 15:54:32 INFO     [manage:root] Logger initialized for process 'manage' (PID: 413959)
2025-11-16 15:54:45 INFO     [manage:root] Logger initialized for process 'manage' (PID: 414333)
2025-11-16 15:54:45 INFO     [manage:root] Logger initialized for process 'manage' (PID: 414333)
2025-11-16 15:55:50 INFO     [manage:root] Logger initialized for process 'manage' (PID: 415583)
2025-11-16 15:55:50 INFO     [manage:root] Logger initialized for process 'manage' (PID: 415583)
2025-11-16 15:56:08 INFO     [manage:root] Logger initialized for process 'manage' (PID: 416054)
2025-11-16 15:56:08 INFO     [manage:root] Logger initialized for process 'manage' (PID: 416054)
2025-11-16 15:56:15 INFO     [manage:root] Logger initialized for process 'manage' (PID: 416267)
2025-11-16 15:56:15 INFO     [manage:root] Logger initialized for process 'manage' (PID: 416267)
2025-11-16 15:56:19 INFO     [manage:root] Logger initialized for process 'manage' (PID: 416476)
2025-11-16 15:56:19 INFO     [manage:root] Logger initialized for process 'manage' (PID: 416476)
